[     682ms] [INFO] %cDownload the React DevTools for a better development experience: https://react.dev/link/react-devtools font-weight:bold @ webpack-internal:///(app-pages-browser)/./node_modules/next/dist/compiled/react-dom/cjs/react-dom-client.development.js:25022
[  386406ms] [LOG] [Fast Refresh] rebuilding @ webpack-internal:///(app-pages-browser)/./node_modules/next/dist/client/components/react-dev-overlay/app/hot-reloader-client.js:196
[  387455ms] [LOG] [Fast Refresh] rebuilding @ webpack-internal:///(app-pages-browser)/./node_modules/next/dist/client/components/react-dev-overlay/app/hot-reloader-client.js:196
[  387490ms] [LOG] [Fast Refresh] done in 35ms @ webpack-internal:///(app-pages-browser)/./node_modules/next/dist/client/components/react-dev-overlay/utils/report-hmr-latency.js:13
[  390361ms] [LOG] [Fast Refresh] rebuilding @ webpack-internal:///(app-pages-browser)/./node_modules/next/dist/client/components/react-dev-overlay/app/hot-reloader-client.js:196
[  390683ms] [LOG] [Fast Refresh] done in 322ms @ webpack-internal:///(app-pages-browser)/./node_modules/next/dist/client/components/react-dev-overlay/utils/report-hmr-latency.js:13
[  391352ms] [LOG] [Fast Refresh] rebuilding @ webpack-internal:///(app-pages-browser)/./node_modules/next/dist/client/components/react-dev-overlay/app/hot-reloader-client.js:196
[  391412ms] [LOG] [Fast Refresh] done in 60ms @ webpack-internal:///(app-pages-browser)/./node_modules/next/dist/client/components/react-dev-overlay/utils/report-hmr-latency.js:13
[  392406ms] [LOG] [Fast Refresh] done in 1054ms @ webpack-internal:///(app-pages-browser)/./node_modules/next/dist/client/components/react-dev-overlay/utils/report-hmr-latency.js:13
[  397327ms] [LOG] [Fast Refresh] rebuilding @ webpack-internal:///(app-pages-browser)/./node_modules/next/dist/client/components/react-dev-overlay/app/hot-reloader-client.js:196
[  397673ms] [LOG] [Fast Refresh] rebuilding @ webpack-internal:///(app-pages-browser)/./node_modules/next/dist/client/components/react-dev-overlay/app/hot-reloader-client.js:196
[  397746ms] [LOG] [Fast Refresh] done in 73ms @ webpack-internal:///(app-pages-browser)/./node_modules/next/dist/client/components/react-dev-overlay/utils/report-hmr-latency.js:13
[  398106ms] [ERROR] ./src/components/category-hero-card.tsx
Error:   × Unexpected token `Collapsible`. Expected jsx identifier
    ╭─[C:\Users\ThomW\projects\personal\easy-list\src\components\category-hero-card.tsx:41:1]
 38 │   const toggleLabel = isOpen ? 'Recolher detalhes da categoria' : 'Expandir detalhes da categoria';
 39 │ 
 40 │   return (
 41 │     <Collapsible
    ·      ───────────
 42 │       open={isOpen}
 43 │       onOpenChange={setIsOpen}
 44 │       className="flex flex-col gap-3.5 rounded-[var(--radius-xl)] border border-[var(--color-hairline)] bg-[var(--color-canvas)] p-[18px] [font-family:var(--font-body)]"
    ╰────

Caused by:
    Syntax Error

Import trace for requested module:
./src/components/category-hero-card.tsx
./src/app/category/category-client.tsx @ webpack-internal:///(app-pages-browser)/./node_modules/next/dist/client/components/globals/intercept-console-error.js:49
[  402719ms] [ERROR] ./src/components/category-hero-card.tsx
Error:   × Unexpected token `Collapsible`. Expected jsx identifier
    ╭─[C:\Users\ThomW\projects\personal\easy-list\src\components\category-hero-card.tsx:41:1]
 38 │   const toggleLabel = isOpen ? 'Recolher detalhes da categoria' : 'Expandir detalhes da categoria';
 39 │ 
 40 │   return (
 41 │     <Collapsible
    ·      ───────────
 42 │       open={isOpen}
 43 │       onOpenChange={setIsOpen}
 44 │       className="flex flex-col gap-3.5 rounded-[var(--radius-xl)] border border-[var(--color-hairline)] bg-[var(--color-canvas)] p-[18px] [font-family:var(--font-body)]"
    ╰────

Caused by:
    Syntax Error

Import trace for requested module:
./src/components/category-hero-card.tsx
./src/app/category/category-client.tsx @ webpack-internal:///(app-pages-browser)/./node_modules/next/dist/client/components/globals/intercept-console-error.js:49
[  405500ms] [LOG] [Fast Refresh] rebuilding @ webpack-internal:///(app-pages-browser)/./node_modules/next/dist/client/components/react-dev-overlay/app/hot-reloader-client.js:196
[  405597ms] [LOG] [Fast Refresh] done in 98ms @ webpack-internal:///(app-pages-browser)/./node_modules/next/dist/client/components/react-dev-overlay/utils/report-hmr-latency.js:13
[  408672ms] [LOG] [Fast Refresh] done in 3173ms @ webpack-internal:///(app-pages-browser)/./node_modules/next/dist/client/components/react-dev-overlay/utils/report-hmr-latency.js:13
[  410563ms] [ERROR] Failed to load resource: the server responded with a status of 500 (Internal Server Error) @ http://localhost:3000/category?id=JvbKtzrH2YDdGbZqqmEM&_rsc=vkj5x:0
[  413861ms] [INFO] %cDownload the React DevTools for a better development experience: https://react.dev/link/react-devtools font-weight:bold @ webpack-internal:///(app-pages-browser)/./node_modules/next/dist/compiled/react-dom/cjs/react-dom-client.development.js:25022
[  415921ms] [LOG] [Fast Refresh] done in 1783728401702ms @ webpack-internal:///(app-pages-browser)/./node_modules/next/dist/client/components/react-dev-overlay/utils/report-hmr-latency.js:13
